============================= test session starts =============================
platform win32 -- Python 3.13.3, pytest-8.4.1, pluggy-1.6.0
rootdir: C:\Users\home\Documents\Proyectos\axxon-constructor
configfile: pyproject.toml
plugins: anyio-4.10.0, langsmith-0.4.31, logfire-4.26.0, asyncio-1.1.0, cov-6.2.1, mock-3.14.1
asyncio: mode=Mode.AUTO, asyncio_default_fixture_loop_scope=None, asyncio_default_test_loop_scope=function
collected 55 items

tests\test_tools_v011.py ..............................................F [ 85%]
........                                                                 [100%]

================================== FAILURES ===================================
________________ TestAPICallHTTPXConstants.test_execute_mocked ________________
tests\test_tools_v011.py:651: in test_execute_mocked
    assert result.success is True
E   AssertionError: assert False is True
E    +  where False = ToolResult(success=False, data=None, error='APICall failed: [Errno 11001] getaddrinfo failed', metadata={'is_stub': False, 'provider': 'httpx'}).success
============================== warnings summary ===============================
tests/test_tools_v011.py::TestPDFExtractorPyMuPDFConstants::test_file_not_found
tests/test_tools_v011.py::TestPDFExtractorPyMuPDFConstants::test_file_not_found
  <frozen importlib._bootstrap>:488: DeprecationWarning: builtin type SwigPyPacked has no __module__ attribute

tests/test_tools_v011.py::TestPDFExtractorPyMuPDFConstants::test_file_not_found
tests/test_tools_v011.py::TestPDFExtractorPyMuPDFConstants::test_file_not_found
  <frozen importlib._bootstrap>:488: DeprecationWarning: builtin type SwigPyObject has no __module__ attribute

tests/test_tools_v011.py::TestPDFExtractorPyMuPDFConstants::test_file_not_found
  <frozen importlib._bootstrap>:488: DeprecationWarning: builtin type swigvarlink has no __module__ attribute

-- Docs: https://docs.pytest.org/en/stable/how-to/capture-warnings.html
=========================== short test summary info ===========================
FAILED tests/test_tools_v011.py::TestAPICallHTTPXConstants::test_execute_mocked
================== 1 failed, 54 passed, 5 warnings in 1.96s ===================
<sys>:0: DeprecationWarning: builtin type swigvarlink has no __module__ attribute
